../Core/Src/stm32f1xx_it.c:86:6:NMI_Handler	4	static
../Core/Src/stm32f1xx_it.c:101:6:HardFault_Handler	4	static
../Core/Src/stm32f1xx_it.c:116:6:MemManage_Handler	4	static
../Core/Src/stm32f1xx_it.c:131:6:BusFault_Handler	4	static
../Core/Src/stm32f1xx_it.c:146:6:UsageFault_Handler	4	static
../Core/Src/stm32f1xx_it.c:161:6:SVC_Handler	4	static
../Core/Src/stm32f1xx_it.c:174:6:DebugMon_Handler	4	static
../Core/Src/stm32f1xx_it.c:187:6:PendSV_Handler	4	static
../Core/Src/stm32f1xx_it.c:200:6:SysTick_Handler	8	static
../Core/Src/stm32f1xx_it.c:221:6:USART1_IRQHandler	8	static
../Core/Src/stm32f1xx_it.c:240:16:split_frame	24	static
../Core/Src/stm32f1xx_it.c:271:13:send_ack	88	static
../Core/Src/stm32f1xx_it.c:283:6:send_nak	16	static
../Core/Src/stm32f1xx_it.c:290:6:parse_command	120	static
../Core/Src/stm32f1xx_it.c:407:6:HAL_UART_RxCpltCallback	16	static
