../App/Src/app_mainloop.c:32:13:period_elapsed	24	static
../App/Src/app_mainloop.c:37:13:send_event_frame	296	static
../App/Src/app_mainloop.c:73:13:send_ready_event_once	8	static
../App/Src/app_mainloop.c:84:13:send_switch_changed_events	32	static
../App/Src/app_mainloop.c:105:13:emit_switch_events_from_snapshot	24	static
../App/Src/app_mainloop.c:128:13:finalize_longop_if_due	24	static
../App/Src/app_mainloop.c:144:6:app_mainloop_init	24	static
../App/Src/app_mainloop.c:183:13:process_uart_rx	432	static
../App/Src/app_mainloop.c:217:6:app_mainloop_step	16	static
../App/Src/app_mainloop.c:249:6:app_mainloop_run_forever	8	static
