Archive member included to satisfy reference by file (symbol)

/Applications/STM32CubeIDE.app/Contents/Eclipse/plugins/com.st.stm32cube.ide.mcu.externaltools.gnu-tools-for-stm32.11.3.rel1.macos64_1.1.1.202309131626/tools/bin/../lib/gcc/arm-none-eabi/11.3.1/../../../../arm-none-eabi/lib/thumb/v7-m/nofp/libc_nano.a(libc_a-exit.o)
                              /Applications/STM32CubeIDE.app/Contents/Eclipse/plugins/com.st.stm32cube.ide.mcu.externaltools.gnu-tools-for-stm32.11.3.rel1.macos64_1.1.1.202309131626/tools/bin/../lib/gcc/arm-none-eabi/11.3.1/../../../../arm-none-eabi/lib/thumb/v7-m/nofp/crt0.o (exit)
/Applications/STM32CubeIDE.app/Contents/Eclipse/plugins/com.st.stm32cube.ide.mcu.externaltools.gnu-tools-for-stm32.11.3.rel1.macos64_1.1.1.202309131626/tools/bin/../lib/gcc/arm-none-eabi/11.3.1/../../../../arm-none-eabi/lib/thumb/v7-m/nofp/libc_nano.a(libc_a-findfp.o)
                              /Applications/STM32CubeIDE.app/Contents/Eclipse/plugins/com.st.stm32cube.ide.mcu.externaltools.gnu-tools-for-stm32.11.3.rel1.macos64_1.1.1.202309131626/tools/bin/../lib/gcc/arm-none-eabi/11.3.1/../../../../arm-none-eabi/lib/thumb/v7-m/nofp/libc_nano.a(libc_a-exit.o) (__stdio_exit_handler)
/Applications/STM32CubeIDE.app/Contents/Eclipse/plugins/com.st.stm32cube.ide.mcu.externaltools.gnu-tools-for-stm32.11.3.rel1.macos64_1.1.1.202309131626/tools/bin/../lib/gcc/arm-none-eabi/11.3.1/../../../../arm-none-eabi/lib/thumb/v7-m/nofp/libc_nano.a(libc_a-fwalk.o)
                              /Applications/STM32CubeIDE.app/Contents/Eclipse/plugins/com.st.stm32cube.ide.mcu.externaltools.gnu-tools-for-stm32.11.3.rel1.macos64_1.1.1.202309131626/tools/bin/../lib/gcc/arm-none-eabi/11.3.1/../../../../arm-none-eabi/lib/thumb/v7-m/nofp/libc_nano.a(libc_a-findfp.o) (_fwalk_sglue)
/Applications/STM32CubeIDE.app/Contents/Eclipse/plugins/com.st.stm32cube.ide.mcu.externaltools.gnu-tools-for-stm32.11.3.rel1.macos64_1.1.1.202309131626/tools/bin/../lib/gcc/arm-none-eabi/11.3.1/../../../../arm-none-eabi/lib/thumb/v7-m/nofp/libc_nano.a(libc_a-memset.o)
                              /Applications/STM32CubeIDE.app/Contents/Eclipse/plugins/com.st.stm32cube.ide.mcu.externaltools.gnu-tools-for-stm32.11.3.rel1.macos64_1.1.1.202309131626/tools/bin/../lib/gcc/arm-none-eabi/11.3.1/../../../../arm-none-eabi/lib/thumb/v7-m/nofp/crt0.o (memset)
/Applications/STM32CubeIDE.app/Contents/Eclipse/plugins/com.st.stm32cube.ide.mcu.externaltools.gnu-tools-for-stm32.11.3.rel1.macos64_1.1.1.202309131626/tools/bin/../lib/gcc/arm-none-eabi/11.3.1/../../../../arm-none-eabi/lib/thumb/v7-m/nofp/libc_nano.a(libc_a-impure.o)
                              /Applications/STM32CubeIDE.app/Contents/Eclipse/plugins/com.st.stm32cube.ide.mcu.externaltools.gnu-tools-for-stm32.11.3.rel1.macos64_1.1.1.202309131626/tools/bin/../lib/gcc/arm-none-eabi/11.3.1/../../../../arm-none-eabi/lib/thumb/v7-m/nofp/libc_nano.a(libc_a-findfp.o) (_impure_data)
/Applications/STM32CubeIDE.app/Contents/Eclipse/plugins/com.st.stm32cube.ide.mcu.externaltools.gnu-tools-for-stm32.11.3.rel1.macos64_1.1.1.202309131626/tools/bin/../lib/gcc/arm-none-eabi/11.3.1/../../../../arm-none-eabi/lib/thumb/v7-m/nofp/libc_nano.a(libc_a-init.o)
                              /Applications/STM32CubeIDE.app/Contents/Eclipse/plugins/com.st.stm32cube.ide.mcu.externaltools.gnu-tools-for-stm32.11.3.rel1.macos64_1.1.1.202309131626/tools/bin/../lib/gcc/arm-none-eabi/11.3.1/../../../../arm-none-eabi/lib/thumb/v7-m/nofp/crt0.o (__libc_init_array)
/Applications/STM32CubeIDE.app/Contents/Eclipse/plugins/com.st.stm32cube.ide.mcu.externaltools.gnu-tools-for-stm32.11.3.rel1.macos64_1.1.1.202309131626/tools/bin/../lib/gcc/arm-none-eabi/11.3.1/../../../../arm-none-eabi/lib/thumb/v7-m/nofp/libc_nano.a(libc_a-lock.o)
                              /Applications/STM32CubeIDE.app/Contents/Eclipse/plugins/com.st.stm32cube.ide.mcu.externaltools.gnu-tools-for-stm32.11.3.rel1.macos64_1.1.1.202309131626/tools/bin/../lib/gcc/arm-none-eabi/11.3.1/../../../../arm-none-eabi/lib/thumb/v7-m/nofp/libc_nano.a(libc_a-findfp.o) (__retarget_lock_init_recursive)
/Applications/STM32CubeIDE.app/Contents/Eclipse/plugins/com.st.stm32cube.ide.mcu.externaltools.gnu-tools-for-stm32.11.3.rel1.macos64_1.1.1.202309131626/tools/bin/../lib/gcc/arm-none-eabi/11.3.1/../../../../arm-none-eabi/lib/thumb/v7-m/nofp/libc_nano.a(libc_a-memcpy-stub.o)
                              ./App/Src/cmd_dispatcher.o (memcpy)
/Applications/STM32CubeIDE.app/Contents/Eclipse/plugins/com.st.stm32cube.ide.mcu.externaltools.gnu-tools-for-stm32.11.3.rel1.macos64_1.1.1.202309131626/tools/bin/../lib/gcc/arm-none-eabi/11.3.1/../../../../arm-none-eabi/lib/thumb/v7-m/nofp/libc_nano.a(libc_a-mallocr.o)
[...]
Memory Configuration

Name             Origin             Length             Attributes
RAM              0x0000000020000000 0x0000000000005000 xrw
FLASH            0x0000000008000000 0x0000000000010000 xr
*default*        0x0000000000000000 0xffffffffffffffff

Linker script and memory map

LOAD /Applications/STM32CubeIDE.app/Contents/Eclipse/plugins/com.st.stm32cube.ide.mcu.externaltools.gnu-tools-for-stm32.11.3.rel1.macos64_1.1.1.202309131626/tools/bin/../lib/gcc/arm-none-eabi/11.3.1/thumb/v7-m/nofp/crti.o
LOAD /Applications/STM32CubeIDE.app/Contents/Eclipse/plugins/com.st.stm32cube.ide.mcu.externaltools.gnu-tools-for-stm32.11.3.rel1.macos64_1.1.1.202309131626/tools/bin/../lib/gcc/arm-none-eabi/11.3.1/thumb/v7-m/nofp/crtbegin.o
LOAD /Applications/STM32CubeIDE.app/Contents/Eclipse/plugins/com.st.stm32cube.ide.mcu.externaltools.gnu-tools-for-stm32.11.3.rel1.macos64_1.1.1.202309131626/tools/bin/../lib/gcc/arm-none-eabi/11.3.1/../../../../arm-none-eabi/lib/thumb/v7-m/nofp/crt0.o
LOAD ./App/Src/app_mainloop.o
LOAD ./App/Src/app_timebase.o
LOAD ./App/Src/cmd_dispatcher.o
LOAD ./App/Src/cmd_handlers.o
LOAD ./App/Src/cmd_runtime.o
LOAD ./App/Src/debug_hooks.o
LOAD ./App/Src/diag.o
LOAD ./App/Src/led_mapper.o
LOAD ./App/Src/led_model.o
LOAD ./App/Src/protocol_crc16.o
LOAD ./App/Src/protocol_frame.o
LOAD ./App/Src/switch_debounce.o
LOAD ./App/Src/switch_scan.o
LOAD ./App/Src/switch_snapshot.o
LOAD ./App/Src/ws2812_if.o
LOAD ./App/Src/ws2812_stub_backend.o
LOAD ./Core/Src/main.o
LOAD ./Core/Src/stm32f1xx_hal_msp.o
LOAD ./Core/Src/stm32f1xx_it.o
LOAD ./Core/Src/system_stm32f1xx.o
LOAD ./Core/Startup/startup_stm32f103xb.o
LOAD ./Drivers/STM32F1xx_HAL_Driver/Src/stm32f1xx_hal.o
LOAD ./Drivers/STM32F1xx_HAL_Driver/Src/stm32f1xx_hal_cortex.o
LOAD ./Drivers/STM32F1xx_HAL_Driver/Src/stm32f1xx_hal_dma.o
LOAD ./Drivers/STM32F1xx_HAL_Driver/Src/stm32f1xx_hal_exti.o
LOAD ./Drivers/STM32F1xx_HAL_Driver/Src/stm32f1xx_hal_flash.o
LOAD ./Drivers/STM32F1xx_HAL_Driver/Src/stm32f1xx_hal_flash_ex.o
LOAD ./Drivers/STM32F1xx_HAL_Driver/Src/stm32f1xx_hal_gpio.o
LOAD ./Drivers/STM32F1xx_HAL_Driver/Src/stm32f1xx_hal_gpio_ex.o
LOAD ./Drivers/STM32F1xx_HAL_Driver/Src/stm32f1xx_hal_pwr.o
LOAD ./Drivers/STM32F1xx_HAL_Driver/Src/stm32f1xx_hal_rcc.o
LOAD ./Drivers/STM32F1xx_HAL_Driver/Src/stm32f1xx_hal_rcc_ex.o
LOAD ./Drivers/STM32F1xx_HAL_Driver/Src/stm32f1xx_hal_tim.o
LOAD ./Drivers/STM32F1xx_HAL_Driver/Src/stm32f1xx_hal_tim_ex.o
LOAD ./Drivers/STM32F1xx_HAL_Driver/Src/stm32f1xx_hal_uart.o
LOAD ./Hw/Src/hw_gpio_if.o
LOAD ./Hw/Src/hw_uart_if.o
START GROUP
LOAD /Applications/STM32CubeIDE.app/Contents/Eclipse/plugins/com.st.stm32cube.ide.mcu.externaltools.gnu-tools-for-stm32.11.3.rel1.macos64_1.1.1.202309131626/tools/bin/../lib/gcc/arm-none-eabi/11.3.1/../../../../arm-none-eabi/lib/thumb/v7-m/nofp/libc_nano.a
LOAD /Applications/STM32CubeIDE.app/Contents/Eclipse/plugins/com.st.stm32cube.ide.mcu.externaltools.gnu-tools-for-stm32.11.3.rel1.macos64_1.1.1.202309131626/tools/bin/../lib/gcc/arm-none-eabi/11.3.1/../../../../arm-none-eabi/lib/thumb/v7-m/nofp/libm.a
END GROUP
START GROUP
LOAD /Applications/STM32CubeIDE.app/Contents/Eclipse/plugins/com.st.stm32cube.ide.mcu.externaltools.gnu-tools-for-stm32.11.3.rel1.macos64_1.1.1.202309131626/tools/bin/../lib/gcc/arm-none-eabi/11.3.1/thumb/v7-m/nofp/libgcc.a
LOAD /Applications/STM32CubeIDE.app/Contents/Eclipse/plugins/com.st.stm32cube.ide.mcu.externaltools.gnu-tools-for-stm32.11.3.rel1.macos64_1.1.1.202309131626/tools/bin/../lib/gcc/arm-none-eabi/11.3.1/../../../../arm-none-eabi/lib/thumb/v7-m/nofp/libc_nano.a
END GROUP
START GROUP
LOAD /Applications/STM32CubeIDE.app/Contents/Eclipse/plugins/com.st.stm32cube.ide.mcu.externaltools.gnu-tools-for-stm32.11.3.rel1.macos64_1.1.1.202309131626/tools/bin/../lib/gcc/arm-none-eabi/11.3.1/thumb/v7-m/nofp/libgcc.a
LOAD /Applications/STM32CubeIDE.app/Contents/Eclipse/plugins/com.st.stm32cube.ide.mcu.externaltools.gnu-tools-for-stm32.11.3.rel1.macos64_1.1.1.202309131626/tools/bin/../lib/gcc/arm-none-eabi/11.3.1/../../../../arm-none-eabi/lib/thumb/v7-m/nofp/libc_nano.a
LOAD /Applications/STM32CubeIDE.app/Contents/Eclipse/plugins/com.st.stm32cube.ide.mcu.externaltools.gnu-tools-for-stm32.11.3.rel1.macos64_1.1.1.202309131626/tools/bin/../lib/gcc/arm-none-eabi/11.3.1/../../../../arm-none-eabi/lib/thumb/v7-m/nofp/libnosys.a
END GROUP
START GROUP
LOAD /Applications/STM32CubeIDE.app/Contents/Eclipse/plugins/com.st.stm32cube.ide.mcu.externaltools.gnu-tools-for-stm32.11.3.rel1.macos64_1.1.1.202309131626/tools/bin/../lib/gcc/arm-none-eabi/11.3.1/thumb/v7-m/nofp/libgcc.a
LOAD /Applications/STM32CubeIDE.app/Contents/Eclipse/plugins/com.st.stm32cube.ide.mcu.externaltools.gnu-tools-for-stm32.11.3.rel1.macos64_1.1.1.202309131626/tools/bin/../lib/gcc/arm-none-eabi/11.3.1/../../../../arm-none-eabi/lib/thumb/v7-m/nofp/libc_nano.a
LOAD /Applications/STM32CubeIDE.app/Contents/Eclipse/plugins/com.st.stm32cube.ide.mcu.externaltools.gnu-tools-for-stm32.11.3.rel1.macos64_1.1.1.202309131626/tools/bin/../lib/gcc/arm-none-eabi/11.3.1/../../../../arm-none-eabi/lib/thumb/v7-m/nofp/libnosys.a
END GROUP
LOAD /Applications/STM32CubeIDE.app/Contents/Eclipse/plugins/com.st.stm32cube.ide.mcu.externaltools.gnu-tools-for-stm32.11.3.rel1.macos64_1.1.1.202309131626/tools/bin/../lib/gcc/arm-none-eabi/11.3.1/thumb/v7-m/nofp/crtend.o
LOAD /Applications/STM32CubeIDE.app/Contents/Eclipse/plugins/com.st.stm32cube.ide.mcu.externaltools.gnu-tools-for-stm32.11.3.rel1.macos64_1.1.1.202309131626/tools/bin/../lib/gcc/arm-none-eabi/11.3.1/thumb/v7-m/nofp/crtn.o
                0x0000000020005000                _estack = (ORIGIN (RAM) + LENGTH (RAM))
                0x0000000000000200                _Min_Heap_Size = 0x200
                0x0000000000000400                _Min_Stack_Size = 0x400

.isr_vector     0x0000000008000000       0xec
                0x0000000008000000                . = ALIGN (0x4)
 *(.isr_vector)
 .isr_vector    0x0000000008000000       0xec ./Core/Startup/startup_stm32f103xb.o
                0x0000000008000000                g_pfnVectors
                0x00000000080000ec                . = ALIGN (0x4)

.text           0x00000000080000ec     0x4270
                0x00000000080000ec                . = ALIGN (0x4)
 *(.text)
 .text          0x00000000080000ec       0x40 /Applications/STM32CubeIDE.app/Contents/Eclipse/plugins/com.st.stm32cube.ide.mcu.externaltools.gnu-tools-for-stm32.11.3.rel1.macos64_1.1.1.202309131626/tools/bin/../lib/gcc/arm-none-eabi/11.3.1/thumb/v7-m/nofp/crtbegin.o
 *(.text*)
 .text.period_elapsed
                0x000000000800012c       0x28 ./App/Src/app_mainloop.o
 .text.send_ready_event_once
                0x0000000008000154       0x20 ./App/Src/app_mainloop.o
 .text.finalize_longop_if_due
                0x0000000008000174       0x50 ./App/Src/app_mainloop.o
 .text.app_mainloop_init
                0x00000000080001c4       0xb0 ./App/Src/app_mainloop.o
                0x00000000080001c4                app_mainloop_init
 .text.process_uart_rx
                0x0000000008000274       0xc4 ./App/Src/app_mainloop.o
 .text.app_mainloop_step
                0x0000000008000338       0x88 ./App/Src/app_mainloop.o
                0x0000000008000338                app_mainloop_step
 .text.app_timebase_now_ms
                0x00000000080003c0        0xe ./App/Src/app_timebase.o
                0x00000000080003c0                app_timebase_now_ms
 .text.build_reply
                0x00000000080003ce       0x9a ./App/Src/cmd_dispatcher.o
 .text.cmd_dispatcher_init
                0x0000000008000468       0x10 ./App/Src/cmd_dispatcher.o
                0x0000000008000468                cmd_dispatcher_init
 .text.cmd_dispatcher_process_frame
                0x0000000008000478      0x120 ./App/Src/cmd_dispatcher.o
                0x0000000008000478                cmd_dispatcher_process_frame
 .text.result_set
                0x0000000008000598       0x2c ./App/Src/cmd_handlers.o
 .text.handle_nop
                0x00000000080005c4       0x2c ./App/Src/cmd_handlers.o
 .text.handle_ping
                0x00000000080005f0       0x5c ./App/Src/cmd_handlers.o
 .text.handle_get_fw_version
                0x000000000800064c       0x4a ./App/Src/cmd_handlers.o
 .text.handle_get_ready_state
                0x0000000008000696       0x38 ./App/Src/cmd_handlers.o
 .text.handle_get_switch_state
                0x00000000080006ce       0x58 ./App/Src/cmd_handlers.o
 .text.cmd_handlers_init
                0x0000000008000726        0xc ./App/Src/cmd_handlers.o
                0x0000000008000726                cmd_handlers_init
 *fill*         0x0000000008000732        0x2 
 .text.cmd_handlers_execute
                0x0000000008000734      0x114 ./App/Src/cmd_handlers.o
                0x0000000008000734                cmd_handlers_execute
 .text.cmd_runtime_init
                0x0000000008000848       0x24 ./App/Src/cmd_runtime.o
                0x0000000008000848                cmd_runtime_init
 .text.cmd_runtime_longop_mut
                0x000000000800086c       0x14 ./App/Src/cmd_runtime.o
                0x000000000800086c                cmd_runtime_longop_mut
 .text.cmd_runtime_trace_req
                0x0000000008000880       0x3c ./App/Src/cmd_runtime.o
                0x0000000008000880                cmd_runtime_trace_req
 .text.cmd_runtime_trace_resp
                0x00000000080008bc       0x4c ./App/Src/cmd_runtime.o
                0x00000000080008bc                cmd_runtime_trace_resp
 .text.debug_hooks_init
                0x0000000008000908       0x24 ./App/Src/debug_hooks.o
                0x0000000008000908                debug_hooks_init
 .text.debug_hooks_heartbeat_tick
                0x000000000800092c       0x58 ./App/Src/debug_hooks.o
                0x000000000800092c                debug_hooks_heartbeat_tick
 .text.diag_inc_rx_frames_ok
                0x0000000008000984       0x1c ./App/Src/diag.o
                0x0000000008000984                diag_inc_rx_frames_ok
 .text.diag_inc_rx_crc_errors
                0x00000000080009a0       0x1c ./App/Src/diag.o
                0x00000000080009a0                diag_inc_rx_crc_errors
 .text.diag_inc_rx_length_errors
                0x00000000080009bc       0x1c ./App/Src/diag.o
                0x00000000080009bc                diag_inc_rx_length_errors
 .text.diag_inc_rx_unknown_cmd
                0x00000000080009d8       0x1c ./App/Src/diag.o
                0x00000000080009d8                diag_inc_rx_unknown_cmd
 .text.diag_inc_tx_frames
                0x00000000080009f4       0x1c ./App/Src/diag.o
                0x00000000080009f4                diag_inc_tx_frames
 .text.diag_inc_switch_unstable_count
                0x0000000008000a10       0x1c ./App/Src/diag.o
                0x0000000008000a10                diag_inc_switch_unstable_count
 .text.diag_trace_last_command
                0x0000000008000a2c       0x34 ./App/Src/diag.o
                0x0000000008000a2c                diag_trace_last_command
 .text.diag_fault_latch
                0x0000000008000a60       0x28 ./App/Src/diag.o
                0x0000000008000a60                diag_fault_latch
 .text.protocol_crc16_ccitt_false
                0x0000000008000a88       0x80 ./App/Src/protocol_crc16.o
                0x0000000008000a88                protocol_crc16_ccitt_false
 .text.rd_u16_le
                0x0000000008000b08       0x28 ./App/Src/protocol_frame.o
 .text.wr_u16_le
                0x0000000008000b30       0x2c ./App/Src/protocol_frame.o
 .text.protocol_frame_encode
                0x0000000008000b5c       0xd8 ./App/Src/protocol_frame.o
                0x0000000008000b5c                protocol_frame_encode
 .text.protocol_stream_parser_init
                0x0000000008000c34       0x2a ./App/Src/protocol_frame.o
                0x0000000008000c34                protocol_stream_parser_init
 *fill*         0x0000000008000c5e        0x2 
 .text.protocol_stream_parser_feed_byte
                0x0000000008000c60      0x2e0 ./App/Src/protocol_frame.o
                0x0000000008000c60                protocol_stream_parser_feed_byte
 .text.protocol_stream_parser_take_frame
                0x0000000008000f40       0x50 ./App/Src/protocol_frame.o
                0x0000000008000f40                protocol_stream_parser_take_frame
 .text.elapsed_ge
                0x0000000008000f90       0x28 ./App/Src/switch_debounce.o
 .text.switch_debounce_init
                0x0000000008000fb8       0x18 ./App/Src/switch_debounce.o
                0x0000000008000fb8                switch_debounce_init
 .text.switch_debounce_reset
                0x0000000008000fd0       0x20 ./App/Src/switch_debounce.o
                0x0000000008000fd0                switch_debounce_reset
 .text.switch_debounce_process
                0x0000000008000ff0      0x18c ./App/Src/switch_debounce.o
                0x0000000008000ff0                switch_debounce_process
 .text.switch_debounce_get_snapshot
                0x000000000800117c       0x28 ./App/Src/switch_debounce.o
                0x000000000800117c                switch_debounce_get_snapshot
 .text.switch_scan_init
                0x00000000080011a4        0xc ./App/Src/switch_scan.o
                0x00000000080011a4                switch_scan_init
 .text.switch_scan_get_raw_mask
                0x00000000080011b0       0x68 ./App/Src/switch_scan.o
                0x00000000080011b0                switch_scan_get_raw_mask
 .text.BootBlink
                0x0000000008001218       0x58 ./Core/Src/main.o
                0x0000000008001218                BootBlink
 .text.main     0x0000000008001270       0xa8 ./Core/Src/main.o
                0x0000000008001270                main
 .text.SystemClock_Config
                0x0000000008001318       0x8a ./Core/Src/main.o
                0x0000000008001318                SystemClock_Config
 *fill*         0x00000000080013a2        0x2 
 .text.MX_TIM1_Init
                0x00000000080013a4      0x104 ./Core/Src/main.o
 .text.MX_TIM3_Init
                0x00000000080014a8       0xac ./Core/Src/main.o
 .text.MX_USART1_UART_Init
                0x0000000008001554       0x54 ./Core/Src/main.o
 .text.MX_DMA_Init
                0x00000000080015a8       0x3c ./Core/Src/main.o
 .text.MX_GPIO_Init
                0x00000000080015e4       0xd8 ./Core/Src/main.o
 .text.Error_Handler
                0x00000000080016bc       0x34 ./Core/Src/main.o
                0x00000000080016bc                Error_Handler
 .text.HAL_MspInit
                0x00000000080016f0       0x44 ./Core/Src/stm32f1xx_hal_msp.o
                0x00000000080016f0                HAL_MspInit
 .text.HAL_TIM_PWM_MspInit
                0x0000000008001734       0xb8 ./Core/Src/stm32f1xx_hal_msp.o
                0x0000000008001734                HAL_TIM_PWM_MspInit
 .text.HAL_TIM_MspPostInit
                0x00000000080017ec       0x68 ./Core/Src/stm32f1xx_hal_msp.o
                0x00000000080017ec                HAL_TIM_MspPostInit
 .text.HAL_UART_MspInit
                0x0000000008001854       0xa8 ./Core/Src/stm32f1xx_hal_msp.o
                0x0000000008001854                HAL_UART_MspInit
 .text.NMI_Handler
                0x00000000080018fc        0xc ./Core/Src/stm32f1xx_it.o
                0x00000000080018fc                NMI_Handler
 .text.HardFault_Handler
                0x0000000008001908        0x6 ./Core/Src/stm32f1xx_it.o
                0x0000000008001908                HardFault_Handler
 .text.MemManage_Handler
                0x000000000800190e        0x6 ./Core/Src/stm32f1xx_it.o
                0x000000000800190e                MemManage_Handler
 .text.BusFault_Handler
                0x0000000008001914        0x6 ./Core/Src/stm32f1xx_it.o
                0x0000000008001914                BusFault_Handler
 .text.UsageFault_Handler
                0x000000000800191a        0x6 ./Core/Src/stm32f1xx_it.o
                0x000000000800191a                UsageFault_Handler
 .text.SVC_Handler
                0x0000000008001920        0xc ./Core/Src/stm32f1xx_it.o
                0x0000000008001920                SVC_Handler
 .text.DebugMon_Handler
                0x000000000800192c        0xc ./Core/Src/stm32f1xx_it.o
                0x000000000800192c                DebugMon_Handler
 .text.PendSV_Handler
                0x0000000008001938        0xc ./Core/Src/stm32f1xx_it.o
                0x0000000008001938                PendSV_Handler
 .text.SysTick_Handler
                0x0000000008001944        0xc ./Core/Src/stm32f1xx_it.o
                0x0000000008001944                SysTick_Handler
 .text.DMA1_Channel2_IRQHandler
                0x0000000008001950       0x14 ./Core/Src/stm32f1xx_it.o
                0x0000000008001950                DMA1_Channel2_IRQHandler
 .text.USART1_IRQHandler
                0x0000000008001964       0x14 ./Core/Src/stm32f1xx_it.o
                0x0000000008001964                USART1_IRQHandler
 .text.Reset_Handler
                0x0000000008001978       0x4c ./Core/Startup/startup_stm32f103xb.o
                0x0000000008001978                Reset_Handler
 .text.Default_Handler
                0x00000000080019c4        0x2 ./Core/Startup/startup_stm32f103xb.o
                0x00000000080019c4                USBWakeUp_IRQHandler
                0x00000000080019c4                EXTI2_IRQHandler
                0x00000000080019c4                TIM1_CC_IRQHandler
                0x00000000080019c4                PVD_IRQHandler
                0x00000000080019c4                EXTI3_IRQHandler
                0x00000000080019c4                EXTI0_IRQHandler
                0x00000000080019c4                I2C2_EV_IRQHandler
                0x00000000080019c4                ADC1_2_IRQHandler
                0x00000000080019c4                SPI1_IRQHandler
                0x00000000080019c4                TAMPER_IRQHandler
                0x00000000080019c4                DMA1_Channel4_IRQHandler
                0x00000000080019c4                USART3_IRQHandler
                0x00000000080019c4                RTC_IRQHandler
                0x00000000080019c4                DMA1_Channel7_IRQHandler
                0x00000000080019c4                CAN1_RX1_IRQHandler
                0x00000000080019c4                TIM4_IRQHandler
                0x00000000080019c4                I2C1_EV_IRQHandler
                0x00000000080019c4                DMA1_Channel6_IRQHandler
                0x00000000080019c4                TIM3_IRQHandler
                0x00000000080019c4                RCC_IRQHandler
                0x00000000080019c4                TIM1_TRG_COM_IRQHandler
                0x00000000080019c4                DMA1_Channel1_IRQHandler
                0x00000000080019c4                Default_Handler
                0x00000000080019c4                EXTI15_10_IRQHandler
                0x00000000080019c4                EXTI9_5_IRQHandler
                0x00000000080019c4                SPI2_IRQHandler
                0x00000000080019c4                DMA1_Channel5_IRQHandler
                0x00000000080019c4                EXTI4_IRQHandler
                0x00000000080019c4                USB_LP_CAN1_RX0_IRQHandler
                0x00000000080019c4                USB_HP_CAN1_TX_IRQHandler
                0x00000000080019c4                DMA1_Channel3_IRQHandler
                0x00000000080019c4                TIM1_UP_IRQHandler
                0x00000000080019c4                WWDG_IRQHandler
                0x00000000080019c4                TIM2_IRQHandler
                0x00000000080019c4                TIM1_BRK_IRQHandler
                0x00000000080019c4                EXTI1_IRQHandler
                0x00000000080019c4                USART2_IRQHandler
                0x00000000080019c4                I2C2_ER_IRQHandler
                0x00000000080019c4                CAN1_SCE_IRQHandler
                0x00000000080019c4                FLASH_IRQHandler
                0x00000000080019c4                I2C1_ER_IRQHandler
                0x00000000080019c4                RTC_Alarm_IRQHandler
 *fill*         0x00000000080019c6        0x2 
 .text.HAL_Init
                0x00000000080019c8       0x2c ./Drivers/STM32F1xx_HAL_Driver/Src/stm32f1xx_hal.o
                0x00000000080019c8                HAL_Init
 .text.HAL_InitTick
                0x00000000080019f4       0x60 ./Drivers/STM32F1xx_HAL_Driver/Src/stm32f1xx_hal.o
                0x00000000080019f4                HAL_InitTick
 .text.HAL_IncTick
                0x0000000008001a54       0x24 ./Drivers/STM32F1xx_HAL_Driver/Src/stm32f1xx_hal.o
                0x0000000008001a54                HAL_IncTick
 .text.HAL_GetTick
                0x0000000008001a78       0x14 ./Drivers/STM32F1xx_HAL_Driver/Src/stm32f1xx_hal.o
                0x0000000008001a78                HAL_GetTick
 .text.HAL_Delay
                0x0000000008001a8c       0x48 ./Drivers/STM32F1xx_HAL_Driver/Src/stm32f1xx_hal.o
                0x0000000008001a8c                HAL_Delay
 .text.__NVIC_SetPriorityGrouping
                0x0000000008001ad4       0x48 ./Drivers/STM32F1xx_HAL_Driver/Src/stm32f1xx_hal_cortex.o
 .text.__NVIC_GetPriorityGrouping
                0x0000000008001b1c       0x1c ./Drivers/STM32F1xx_HAL_Driver/Src/stm32f1xx_hal_cortex.o
 .text.__NVIC_EnableIRQ
                0x0000000008001b38       0x38 ./Drivers/STM32F1xx_HAL_Driver/Src/stm32f1xx_hal_cortex.o
 .text.__NVIC_SetPriority
                0x0000000008001b70       0x54 ./Drivers/STM32F1xx_HAL_Driver/Src/stm32f1xx_hal_cortex.o
 .text.NVIC_EncodePriority
                0x0000000008001bc4       0x64 ./Drivers/STM32F1xx_HAL_Driver/Src/stm32f1xx_hal_cortex.o
 .text.SysTick_Config
                0x0000000008001c28       0x44 ./Drivers/STM32F1xx_HAL_Driver/Src/stm32f1xx_hal_cortex.o
 .text.HAL_NVIC_SetPriorityGrouping
                0x0000000008001c6c       0x16 ./Drivers/STM32F1xx_HAL_Driver/Src/stm32f1xx_hal_cortex.o
                0x0000000008001c6c                HAL_NVIC_SetPriorityGrouping
 .text.HAL_NVIC_SetPriority
                0x0000000008001c82       0x38 ./Drivers/STM32F1xx_HAL_Driver/Src/stm32f1xx_hal_cortex.o
                0x0000000008001c82                HAL_NVIC_SetPriority
 .text.HAL_NVIC_EnableIRQ
                0x0000000008001cba       0x1c ./Drivers/STM32F1xx_HAL_Driver/Src/stm32f1xx_hal_cortex.o
                0x0000000008001cba                HAL_NVIC_EnableIRQ
 .text.HAL_SYSTICK_Config
                0x0000000008001cd6       0x18 ./Drivers/STM32F1xx_HAL_Driver/Src/stm32f1xx_hal_cortex.o
                0x0000000008001cd6                HAL_SYSTICK_Config
 *fill*         0x0000000008001cee        0x2 
 .text.HAL_DMA_Init
                0x0000000008001cf0       0xb4 ./Drivers/STM32F1xx_HAL_Driver/Src/stm32f1xx_hal_dma.o
                0x0000000008001cf0                HAL_DMA_Init
 .text.HAL_DMA_Abort
                0x0000000008001da4       0x76 ./Drivers/STM32F1xx_HAL_Driver/Src/stm32f1xx_hal_dma.o
                0x0000000008001da4                HAL_DMA_Abort
 *fill*         0x0000000008001e1a        0x2 
 .text.HAL_DMA_Abort_IT
                0x0000000008001e1c       0xf0 ./Drivers/STM32F1xx_HAL_Driver/Src/stm32f1xx_hal_dma.o
                0x0000000008001e1c                HAL_DMA_Abort_IT
 .text.HAL_DMA_IRQHandler
                0x0000000008001f0c      0x20c ./Drivers/STM32F1xx_HAL_Driver/Src/stm32f1xx_hal_dma.o
                0x0000000008001f0c                HAL_DMA_IRQHandler
 .text.HAL_GPIO_Init
                0x0000000008002118      0x308 ./Drivers/STM32F1xx_HAL_Driver/Src/stm32f1xx_hal_gpio.o
                0x0000000008002118                HAL_GPIO_Init
 .text.HAL_GPIO_ReadPin
                0x0000000008002420       0x2e ./Drivers/STM32F1xx_HAL_Driver/Src/stm32f1xx_hal_gpio.o
                0x0000000008002420                HAL_GPIO_ReadPin
 .text.HAL_GPIO_WritePin
                0x000000000800244e       0x30 ./Drivers/STM32F1xx_HAL_Driver/Src/stm32f1xx_hal_gpio.o
                0x000000000800244e                HAL_GPIO_WritePin
 .text.HAL_GPIO_TogglePin
                0x000000000800247e       0x32 ./Drivers/STM32F1xx_HAL_Driver/Src/stm32f1xx_hal_gpio.o
                0x000000000800247e                HAL_GPIO_TogglePin
 .text.HAL_RCC_OscConfig
                0x00000000080024b0      0x504 ./Drivers/STM32F1xx_HAL_Driver/Src/stm32f1xx_hal_rcc.o
                0x00000000080024b0                HAL_RCC_OscConfig
 .text.HAL_RCC_ClockConfig
                0x00000000080029b4      0x1d4 ./Drivers/STM32F1xx_HAL_Driver/Src/stm32f1xx_hal_rcc.o
                0x00000000080029b4                HAL_RCC_ClockConfig
 .text.HAL_RCC_GetSysClockFreq
                0x0000000008002b88       0xa8 ./Drivers/STM32F1xx_HAL_Driver/Src/stm32f1xx_hal_rcc.o
                0x0000000008002b88                HAL_RCC_GetSysClockFreq
 .text.HAL_RCC_GetHCLKFreq
                0x0000000008002c30       0x14 ./Drivers/STM32F1xx_HAL_Driver/Src/stm32f1xx_hal_rcc.o
                0x0000000008002c30                HAL_RCC_GetHCLKFreq
 .text.HAL_RCC_GetPCLK1Freq
                0x0000000008002c44       0x28 ./Drivers/STM32F1xx_HAL_Driver/Src/stm32f1xx_hal_rcc.o
                0x0000000008002c44                HAL_RCC_GetPCLK1Freq
 .text.HAL_RCC_GetPCLK2Freq
                0x0000000008002c6c       0x28 ./Drivers/STM32F1xx_HAL_Driver/Src/stm32f1xx_hal_rcc.o
                0x0000000008002c6c                HAL_RCC_GetPCLK2Freq
 .text.RCC_Delay
                0x0000000008002c94       0x3c ./Drivers/STM32F1xx_HAL_Driver/Src/stm32f1xx_hal_rcc.o
 .text.HAL_TIM_PWM_Init
                0x0000000008002cd0       0x9e ./Drivers/STM32F1xx_HAL_Driver/Src/stm32f1xx_hal_tim.o
                0x0000000008002cd0                HAL_TIM_PWM_Init
 *fill*         0x0000000008002d6e        0x2 
 .text.HAL_TIM_PWM_ConfigChannel
                0x0000000008002d70      0x184 ./Drivers/STM32F1xx_HAL_Driver/Src/stm32f1xx_hal_tim.o
                0x0000000008002d70                HAL_TIM_PWM_ConfigChannel
 .text.TIM_Base_SetConfig
                0x0000000008002ef4       0xdc ./Drivers/STM32F1xx_HAL_Driver/Src/stm32f1xx_hal_tim.o
                0x0000000008002ef4                TIM_Base_SetConfig
 .text.TIM_OC1_SetConfig
                0x0000000008002fd0       0xcc ./Drivers/STM32F1xx_HAL_Driver/Src/stm32f1xx_hal_tim.o
 .text.TIM_OC2_SetConfig
                0x000000000800309c       0xd4 ./Drivers/STM32F1xx_HAL_Driver/Src/stm32f1xx_hal_tim.o
                0x000000000800309c                TIM_OC2_SetConfig
 .text.TIM_OC3_SetConfig
                0x0000000008003170       0xd4 ./Drivers/STM32F1xx_HAL_Driver/Src/stm32f1xx_hal_tim.o
 .text.TIM_OC4_SetConfig
                0x0000000008003244       0x9c ./Drivers/STM32F1xx_HAL_Driver/Src/stm32f1xx_hal_tim.o
 .text.HAL_TIMEx_MasterConfigSynchronization
                0x00000000080032e0       0xbc ./Drivers/STM32F1xx_HAL_Driver/Src/stm32f1xx_hal_tim_ex.o
                0x00000000080032e0                HAL_TIMEx_MasterConfigSynchronization
 .text.HAL_TIMEx_ConfigBreakDeadTime
                0x000000000800339c       0xa2 ./Drivers/STM32F1xx_HAL_Driver/Src/stm32f1xx_hal_tim_ex.o
                0x000000000800339c                HAL_TIMEx_ConfigBreakDeadTime
 .text.HAL_UART_Init
                0x000000000800343e       0xa0 ./Drivers/STM32F1xx_HAL_Driver/Src/stm32f1xx_hal_uart.o
                0x000000000800343e                HAL_UART_Init
 .text.HAL_UART_Transmit
                0x00000000080034de      0x116 ./Drivers/STM32F1xx_HAL_Driver/Src/stm32f1xx_hal_uart.o
                0x00000000080034de                HAL_UART_Transmit
 .text.HAL_UART_Receive_IT
                0x00000000080035f4       0x4a ./Drivers/STM32F1xx_HAL_Driver/Src/stm32f1xx_hal_uart.o
                0x00000000080035f4                HAL_UART_Receive_IT
 *fill*         0x000000000800363e        0x2 
 .text.HAL_UART_IRQHandler
                0x0000000008003640      0x524 ./Drivers/STM32F1xx_HAL_Driver/Src/stm32f1xx_hal_uart.o
                0x0000000008003640                HAL_UART_IRQHandler
 .text.HAL_UART_TxCpltCallback
                0x0000000008003b64       0x12 ./Drivers/STM32F1xx_HAL_Driver/Src/stm32f1xx_hal_uart.o
                0x0000000008003b64                HAL_UART_TxCpltCallback
 .text.HAL_UART_ErrorCallback
                0x0000000008003b76       0x12 ./Drivers/STM32F1xx_HAL_Driver/Src/stm32f1xx_hal_uart.o
                0x0000000008003b76                HAL_UART_ErrorCallback
 .text.HAL_UARTEx_RxEventCallback
                0x0000000008003b88       0x16 ./Drivers/STM32F1xx_HAL_Driver/Src/stm32f1xx_hal_uart.o
                0x0000000008003b88                HAL_UARTEx_RxEventCallback
 .text.UART_WaitOnFlagUntilTimeout
                0x0000000008003b9e       0xb2 ./Drivers/STM32F1xx_HAL_Driver/Src/stm32f1xx_hal_uart.o
 .text.UART_Start_Receive_IT
                0x0000000008003c50       0x72 ./Drivers/STM32F1xx_HAL_Driver/Src/stm32f1xx_hal_uart.o
                0x0000000008003c50                UART_Start_Receive_IT
 .text.UART_EndRxTransfer
                0x0000000008003cc2       0xc4 ./Drivers/STM32F1xx_HAL_Driver/Src/stm32f1xx_hal_uart.o
 .text.UART_DMAAbortOnError
                0x0000000008003d86       0x28 ./Drivers/STM32F1xx_HAL_Driver/Src/stm32f1xx_hal_uart.o
 .text.UART_Transmit_IT
                0x0000000008003dae       0x9e ./Drivers/STM32F1xx_HAL_Driver/Src/stm32f1xx_hal_uart.o
 .text.UART_EndTransmit_IT
                0x0000000008003e4c       0x30 ./Drivers/STM32F1xx_HAL_Driver/Src/stm32f1xx_hal_uart.o
 .text.UART_Receive_IT
                0x0000000008003e7c      0x17c ./Drivers/STM32F1xx_HAL_Driver/Src/stm32f1xx_hal_uart.o
 .text.UART_SetConfig
                0x0000000008003ff8      0x11c ./Drivers/STM32F1xx_HAL_Driver/Src/stm32f1xx_hal_uart.o
 .text.hw_gpio_if_read_logical
                0x0000000008004114       0x54 ./Hw/Src/hw_gpio_if.o
                0x0000000008004114                hw_gpio_if_read_logical
 .text.hw_gpio_if_init
                0x0000000008004168        0xc ./Hw/Src/hw_gpio_if.o
                0x0000000008004168                hw_gpio_if_init
 .text.hw_uart_if_init
                0x0000000008004174       0x30 ./Hw/Src/hw_uart_if.o
                0x0000000008004174                hw_uart_if_init
 .text.HAL_UART_RxCpltCallback
                0x00000000080041a4       0x6c ./Hw/Src/hw_uart_if.o
                0x00000000080041a4                HAL_UART_RxCpltCallback
 .text.hw_uart_if_step
                0x0000000008004210        0xc ./Hw/Src/hw_uart_if.o
                0x0000000008004210                hw_uart_if_step
 .text.hw_uart_if_rx_byte_ready
                0x000000000800421c       0x2c ./Hw/Src/hw_uart_if.o
                0x000000000800421c                hw_uart_if_rx_byte_ready
 .text.hw_uart_if_rx_byte_take
                0x0000000008004248       0x54 ./Hw/Src/hw_uart_if.o
                0x0000000008004248                hw_uart_if_rx_byte_take
 .text.hw_uart_if_tx
                0x000000000800429c       0x34 ./Hw/Src/hw_uart_if.o
                0x000000000800429c                hw_uart_if_tx
 .text.memset   0x00000000080042d0       0x10 /Applications/STM32CubeIDE.app/Contents/Eclipse/plugins/com.st.stm32cube.ide.mcu.externaltools.gnu-tools-for-stm32.11.3.rel1.macos64_1.1.1.202309131626/tools/bin/../lib/gcc/arm-none-eabi/11.3.1/../../../../arm-none-eabi/lib/thumb/v7-m/nofp/libc_nano.a(libc_a-memset.o)
                0x00000000080042d0                memset
 .text.__libc_init_array
                0x00000000080042e0       0x48 /Applications/STM32CubeIDE.app/Contents/Eclipse/plugins/com.st.stm32cube.ide.mcu.externaltools.gnu-tools-for-stm32.11.3.rel1.macos64_1.1.1.202309131626/tools/bin/../lib/gcc/arm-none-eabi/11.3.1/../../../../arm-none-eabi/lib/thumb/v7-m/nofp/libc_nano.a(libc_a-init.o)
                0x00000000080042e0                __libc_init_array
 .text.memcpy   0x0000000008004328       0x1c /Applications/STM32CubeIDE.app/Contents/Eclipse/plugins/com.st.stm32cube.ide.mcu.externaltools.gnu-tools-for-stm32.11.3.rel1.macos64_1.1.1.202309131626/tools/bin/../lib/gcc/arm-none-eabi/11.3.1/../../../../arm-none-eabi/lib/thumb/v7-m/nofp/libc_nano.a(libc_a-memcpy-stub.o)
                0x0000000008004328                memcpy
 *(.glue_7)
 .glue_7        0x0000000008004344        0x0 linker stubs
 *(.glue_7t)
 .glue_7t       0x0000000008004344        0x0 linker stubs
 *(.eh_frame)
 .eh_frame      0x0000000008004344        0x0 /Applications/STM32CubeIDE.app/Contents/Eclipse/plugins/com.st.stm32cube.ide.mcu.externaltools.gnu-tools-for-stm32.11.3.rel1.macos64_1.1.1.202309131626/tools/bin/../lib/gcc/arm-none-eabi/11.3.1/thumb/v7-m/nofp/crtbegin.o
 *(.init)
 .init          0x0000000008004344        0x4 /Applications/STM32CubeIDE.app/Contents/Eclipse/plugins/com.st.stm32cube.ide.mcu.externaltools.gnu-tools-for-stm32.11.3.rel1.macos64_1.1.1.202309131626/tools/bin/../lib/gcc/arm-none-eabi/11.3.1/thumb/v7-m/nofp/crti.o
                0x0000000008004344                _init
 .init          0x0000000008004348        0x8 /Applications/STM32CubeIDE.app/Contents/Eclipse/plugins/com.st.stm32cube.ide.mcu.externaltools.gnu-tools-for-stm32.11.3.rel1.macos64_1.1.1.202309131626/tools/bin/../lib/gcc/arm-none-eabi/11.3.1/thumb/v7-m/nofp/crtn.o
 *(.fini)
 .fini          0x0000000008004350        0x4 /Applications/STM32CubeIDE.app/Contents/Eclipse/plugins/com.st.stm32cube.ide.mcu.externaltools.gnu-tools-for-stm32.11.3.rel1.macos64_1.1.1.202309131626/tools/bin/../lib/gcc/arm-none-eabi/11.3.1/thumb/v7-m/nofp/crti.o
                0x0000000008004350                _fini
 .fini          0x0000000008004354        0x8 /Applications/STM32CubeIDE.app/Contents/Eclipse/plugins/com.st.stm32cube.ide.mcu.externaltools.gnu-tools-for-stm32.11.3.rel1.macos64_1.1.1.202309131626/tools/bin/../lib/gcc/arm-none-eabi/11.3.1/thumb/v7-m/nofp/crtn.o
                0x000000000800435c                . = ALIGN (0x4)
                0x000000000800435c                _etext = .

.vfp11_veneer   0x000000000800435c        0x0
 .vfp11_veneer  0x000000000800435c        0x0 linker stubs

.v4_bx          0x000000000800435c        0x0
 .v4_bx         0x000000000800435c        0x0 linker stubs

.iplt           0x000000000800435c        0x0
 .iplt          0x000000000800435c        0x0 /Applications/STM32CubeIDE.app/Contents/Eclipse/plugins/com.st.stm32cube.ide.mcu.externaltools.gnu-tools-for-stm32.11.3.rel1.macos64_1.1.1.202309131626/tools/bin/../lib/gcc/arm-none-eabi/11.3.1/thumb/v7-m/nofp/crtbegin.o

.rodata         0x000000000800435c      0x114
                0x000000000800435c                . = ALIGN (0x4)
 *(.rodata)
 .rodata        0x000000000800435c       0x1a ./Core/Src/main.o
 *(.rodata*)
 *fill*         0x0000000008004376        0x2 
 .rodata.def_cfg.0
                0x0000000008004378        0xc ./App/Src/app_mainloop.o
 .rodata.AHBPrescTable
                0x0000000008004384       0x10 ./Core/Src/system_stm32f1xx.o
                0x0000000008004384                AHBPrescTable
 .rodata.APBPrescTable
                0x0000000008004394        0x8 ./Core/Src/system_stm32f1xx.o
                0x0000000008004394                APBPrescTable
 .rodata.aPLLMULFactorTable.1
                0x000000000800439c       0x10 ./Drivers/STM32F1xx_HAL_Driver/Src/stm32f1xx_hal_rcc.o
 .rodata.aPredivFactorTable.0
                0x00000000080043ac        0x2 ./Drivers/STM32F1xx_HAL_Driver/Src/stm32f1xx_hal_rcc.o
 *fill*         0x00000000080043ae        0x2 
 .rodata.g_map  0x00000000080043b0       0xc0 ./Hw/Src/hw_gpio_if.o
                0x0000000008004470                . = ALIGN (0x4)

.rel.dyn        0x0000000008004470        0x0
 .rel.iplt      0x0000000008004470        0x0 /Applications/STM32CubeIDE.app/Contents/Eclipse/plugins/com.st.stm32cube.ide.mcu.externaltools.gnu-tools-for-stm32.11.3.rel1.macos64_1.1.1.202309131626/tools/bin/../lib/gcc/arm-none-eabi/11.3.1/thumb/v7-m/nofp/crtbegin.o

.ARM.extab      0x0000000008004470        0x0
                0x0000000008004470                . = ALIGN (0x4)
 *(.ARM.extab* .gnu.linkonce.armextab.*)
                0x0000000008004470                . = ALIGN (0x4)

.ARM            0x0000000008004470        0x0
                0x0000000008004470                . = ALIGN (0x4)
                0x0000000008004470                __exidx_start = .
 *(.ARM.exidx*)
                0x0000000008004470                __exidx_end = .
                0x0000000008004470                . = ALIGN (0x4)

.preinit_array  0x0000000008004470        0x0
                0x0000000008004470                . = ALIGN (0x4)
                0x0000000008004470                PROVIDE (__preinit_array_start = .)
 *(.preinit_array*)
                0x0000000008004470                PROVIDE (__preinit_array_end = .)
                0x0000000008004470                . = ALIGN (0x4)

.init_array     0x0000000008004470        0x4
                0x0000000008004470                . = ALIGN (0x4)
                0x0000000008004470                PROVIDE (__init_array_start = .)
 *(SORT_BY_NAME(.init_array.*))
 *(.init_array*)
 .init_array    0x0000000008004470        0x4 /Applications/STM32CubeIDE.app/Contents/Eclipse/plugins/com.st.stm32cube.ide.mcu.externaltools.gnu-tools-for-stm32.11.3.rel1.macos64_1.1.1.202309131626/tools/bin/../lib/gcc/arm-none-eabi/11.3.1/thumb/v7-m/nofp/crtbegin.o
                0x0000000008004474                PROVIDE (__init_array_end = .)
                0x0000000008004474                . = ALIGN (0x4)

.fini_array     0x0000000008004474        0x4
                0x0000000008004474                . = ALIGN (0x4)
                [!provide]                        PROVIDE (__fini_array_start = .)
 *(SORT_BY_NAME(.fini_array.*))
 *(.fini_array*)
 .fini_array    0x0000000008004474        0x4 /Applications/STM32CubeIDE.app/Contents/Eclipse/plugins/com.st.stm32cube.ide.mcu.externaltools.gnu-tools-for-stm32.11.3.rel1.macos64_1.1.1.202309131626/tools/bin/../lib/gcc/arm-none-eabi/11.3.1/thumb/v7-m/nofp/crtbegin.o
                [!provide]                        PROVIDE (__fini_array_end = .)
                0x0000000008004478                . = ALIGN (0x4)
                0x0000000008004478                _sidata = LOADADDR (.data)

.data           0x0000000020000000        0xc load address 0x0000000008004478
                0x0000000020000000                . = ALIGN (0x4)
                0x0000000020000000                _sdata = .
 *(.data)
 *(.data*)
 .data.SystemCoreClock
                0x0000000020000000        0x4 ./Core/Src/system_stm32f1xx.o
                0x0000000020000000                SystemCoreClock
 .data.uwTickPrio
                0x0000000020000004        0x4 ./Drivers/STM32F1xx_HAL_Driver/Src/stm32f1xx_hal.o
                0x0000000020000004                uwTickPrio
 .data.uwTickFreq
                0x0000000020000008        0x1 ./Drivers/STM32F1xx_HAL_Driver/Src/stm32f1xx_hal.o
                0x0000000020000008                uwTickFreq
 *(.RamFunc)
 *(.RamFunc*)
                0x000000002000000c                . = ALIGN (0x4)
 *fill*         0x0000000020000009        0x3 
                0x000000002000000c                _edata = .

.igot.plt       0x000000002000000c        0x0 load address 0x0000000008004484
 .igot.plt      0x000000002000000c        0x0 /Applications/STM32CubeIDE.app/Contents/Eclipse/plugins/com.st.stm32cube.ide.mcu.externaltools.gnu-tools-for-stm32.11.3.rel1.macos64_1.1.1.202309131626/tools/bin/../lib/gcc/arm-none-eabi/11.3.1/thumb/v7-m/nofp/crtbegin.o
                0x000000002000000c                . = ALIGN (0x4)

.bss            0x000000002000000c      0x4c0 load address 0x0000000008004484
                0x000000002000000c                _sbss = .
                0x000000002000000c                __bss_start__ = _sbss
 *(.bss)
 .bss           0x000000002000000c       0x1c /Applications/STM32CubeIDE.app/Contents/Eclipse/plugins/com.st.stm32cube.ide.mcu.externaltools.gnu-tools-for-stm32.11.3.rel1.macos64_1.1.1.202309131626/tools/bin/../lib/gcc/arm-none-eabi/11.3.1/thumb/v7-m/nofp/crtbegin.o
 *(.bss*)
 .bss.g_ml      0x0000000020000028      0x158 ./App/Src/app_mainloop.o
 .bss.g_longop  0x0000000020000180       0x10 ./App/Src/cmd_runtime.o
 .bss.g_trace   0x0000000020000190       0x14 ./App/Src/cmd_runtime.o
 .bss.g_dbg     0x00000000200001a4        0xc ./App/Src/debug_hooks.o
 .bss.g_diag    0x00000000200001b0       0x20 ./App/Src/diag.o
 .bss.g_db      0x00000000200001d0       0xd4 ./App/Src/switch_debounce.o
 .bss.htim1     0x00000000200002a4       0x48 ./Core/Src/main.o
                0x00000000200002a4                htim1
 .bss.htim3     0x00000000200002ec       0x48 ./Core/Src/main.o
                0x00000000200002ec                htim3
 .bss.hdma_tim1_ch1
                0x0000000020000334       0x44 ./Core/Src/main.o
                0x0000000020000334                hdma_tim1_ch1
 .bss.huart1    0x0000000020000378       0x48 ./Core/Src/main.o
                0x0000000020000378                huart1
 .bss.uwTick    0x00000000200003c0        0x4 ./Drivers/STM32F1xx_HAL_Driver/Src/stm32f1xx_hal.o
                0x00000000200003c0                uwTick
 .bss.g_rx_ring
                0x00000000200003c4      0x100 ./Hw/Src/hw_uart_if.o
 .bss.g_rx_head
                0x00000000200004c4        0x2 ./Hw/Src/hw_uart_if.o
 .bss.g_rx_tail
                0x00000000200004c6        0x2 ./Hw/Src/hw_uart_if.o
 .bss.g_rx_it_byte
                0x00000000200004c8        0x1 ./Hw/Src/hw_uart_if.o
 *(COMMON)
                0x00000000200004cc                . = ALIGN (0x4)
 *fill*         0x00000000200004c9        0x3 
                0x00000000200004cc                _ebss = .
                0x00000000200004cc                __bss_end__ = _ebss

._user_heap_stack
                0x00000000200004cc      0x604 load address 0x0000000008004484
                0x00000000200004d0                . = ALIGN (0x8)
 *fill*         0x00000000200004cc        0x4 
                0x00000000200004d0                PROVIDE (end = .)
                [!provide]                        PROVIDE (_end = .)
                0x00000000200006d0                . = (. + _Min_Heap_Size)
 *fill*         0x00000000200004d0      0x200 
                0x0000000020000ad0                . = (. + _Min_Stack_Size)
 *fill*         0x00000000200006d0      0x400 
                0x0000000020000ad0                . = ALIGN (0x8)

/DISCARD/
 libc.a(*)
 libm.a(*)
 libgcc.a(*)

.ARM.attributes
                0x0000000000000000       0x29
 *(.ARM.attributes)
 .ARM.attributes
                0x0000000000000000       0x1d /Applications/STM32CubeIDE.app/Contents/Eclipse/plugins/com.st.stm32cube.ide.mcu.externaltools.gnu-tools-for-stm32.11.3.rel1.macos64_1.1.1.202309131626/tools/bin/../lib/gcc/arm-none-eabi/11.3.1/thumb/v7-m/nofp/crti.o
 .ARM.attributes
                0x000000000000001d       0x2d /Applications/STM32CubeIDE.app/Contents/Eclipse/plugins/com.st.stm32cube.ide.mcu.externaltools.gnu-tools-for-stm32.11.3.rel1.macos64_1.1.1.202309131626/tools/bin/../lib/gcc/arm-none-eabi/11.3.1/thumb/v7-m/nofp/crtbegin.o
 .ARM.attributes
                0x000000000000004a       0x2d ./App/Src/app_mainloop.o
 .ARM.attributes
                0x0000000000000077       0x2d ./App/Src/app_timebase.o
 .ARM.attributes
                0x00000000000000a4       0x2d ./App/Src/cmd_dispatcher.o
 .ARM.attributes
                0x00000000000000d1       0x2d ./App/Src/cmd_handlers.o
 .ARM.attributes
                0x00000000000000fe       0x2d ./App/Src/cmd_runtime.o
 .ARM.attributes
                0x000000000000012b       0x2d ./App/Src/debug_hooks.o
 .ARM.attributes
                0x0000000000000158       0x2d ./App/Src/diag.o
 .ARM.attributes
                0x0000000000000185       0x2d ./App/Src/protocol_crc16.o
 .ARM.attributes
                0x00000000000001b2       0x2d ./App/Src/protocol_frame.o
 .ARM.attributes
                0x00000000000001df       0x2d ./App/Src/switch_debounce.o
 .ARM.attributes
                0x000000000000020c       0x2d ./App/Src/switch_scan.o
 .ARM.attributes
                0x0000000000000239       0x2d ./Core/Src/main.o
 .ARM.attributes
                0x0000000000000266       0x2d ./Core/Src/stm32f1xx_hal_msp.o
 .ARM.attributes
                0x0000000000000293       0x2d ./Core/Src/stm32f1xx_it.o
 .ARM.attributes
                0x00000000000002c0       0x2d ./Core/Src/system_stm32f1xx.o
 .ARM.attributes
                0x00000000000002ed       0x21 ./Core/Startup/startup_stm32f103xb.o
 .ARM.attributes
                0x000000000000030e       0x2d ./Drivers/STM32F1xx_HAL_Driver/Src/stm32f1xx_hal.o
 .ARM.attributes
                0x000000000000033b       0x2d ./Drivers/STM32F1xx_HAL_Driver/Src/stm32f1xx_hal_cortex.o
 .ARM.attributes
                0x0000000000000368       0x2d ./Drivers/STM32F1xx_HAL_Driver/Src/stm32f1xx_hal_dma.o
 .ARM.attributes
                0x0000000000000395       0x2d ./Drivers/STM32F1xx_HAL_Driver/Src/stm32f1xx_hal_gpio.o
 .ARM.attributes
                0x00000000000003c2       0x2d ./Drivers/STM32F1xx_HAL_Driver/Src/stm32f1xx_hal_rcc.o
 .ARM.attributes
                0x00000000000003ef       0x2d ./Drivers/STM32F1xx_HAL_Driver/Src/stm32f1xx_hal_tim.o
 .ARM.attributes
                0x000000000000041c       0x2d ./Drivers/STM32F1xx_HAL_Driver/Src/stm32f1xx_hal_tim_ex.o
 .ARM.attributes
                0x0000000000000449       0x2d ./Drivers/STM32F1xx_HAL_Driver/Src/stm32f1xx_hal_uart.o
 .ARM.attributes
                0x0000000000000476       0x2d ./Hw/Src/hw_gpio_if.o
 .ARM.attributes
                0x00000000000004a3       0x2d ./Hw/Src/hw_uart_if.o
 .ARM.attributes
                0x00000000000004d0       0x2d /Applications/STM32CubeIDE.app/Contents/Eclipse/plugins/com.st.stm32cube.ide.mcu.externaltools.gnu-tools-for-stm32.11.3.rel1.macos64_1.1.1.202309131626/tools/bin/../lib/gcc/arm-none-eabi/11.3.1/../../../../arm-none-eabi/lib/thumb/v7-m/nofp/libc_nano.a(libc_a-memset.o)
 .ARM.attributes
                0x00000000000004fd       0x2d /Applications/STM32CubeIDE.app/Contents/Eclipse/plugins/com.st.stm32cube.ide.mcu.externaltools.gnu-tools-for-stm32.11.3.rel1.macos64_1.1.1.202309131626/tools/bin/../lib/gcc/arm-none-eabi/11.3.1/../../../../arm-none-eabi/lib/thumb/v7-m/nofp/libc_nano.a(libc_a-init.o)
 .ARM.attributes
                0x000000000000052a       0x2d /Applications/STM32CubeIDE.app/Contents/Eclipse/plugins/com.st.stm32cube.ide.mcu.externaltools.gnu-tools-for-stm32.11.3.rel1.macos64_1.1.1.202309131626/tools/bin/../lib/gcc/arm-none-eabi/11.3.1/../../../../arm-none-eabi/lib/thumb/v7-m/nofp/libc_nano.a(libc_a-memcpy-stub.o)
 .ARM.attributes
                0x0000000000000557       0x1d /Applications/STM32CubeIDE.app/Contents/Eclipse/plugins/com.st.stm32cube.ide.mcu.externaltools.gnu-tools-for-stm32.11.3.rel1.macos64_1.1.1.202309131626/tools/bin/../lib/gcc/arm-none-eabi/11.3.1/thumb/v7-m/nofp/crtn.o
OUTPUT(Smart_telega_firmware.elf elf32-littlearm)
LOAD linker stubs
LOAD /Applications/STM32CubeIDE.app/Contents/Eclipse/plugins/com.st.stm32cube.ide.mcu.externaltools.gnu-tools-for-stm32.11.3.rel1.macos64_1.1.1.202309131626/tools/bin/../lib/gcc/arm-none-eabi/11.3.1/../../../../arm-none-eabi/lib/thumb/v7-m/nofp/libc.a
LOAD /Applications/STM32CubeIDE.app/Contents/Eclipse/plugins/com.st.stm32cube.ide.mcu.externaltools.gnu-tools-for-stm32.11.3.rel1.macos64_1.1.1.202309131626/tools/bin/../lib/gcc/arm-none-eabi/11.3.1/../../../../arm-none-eabi/lib/thumb/v7-m/nofp/libm.a
LOAD /Applications/STM32CubeIDE.app/Contents/Eclipse/plugins/com.st.stm32cube.ide.mcu.externaltools.gnu-tools-for-stm32.11.3.rel1.macos64_1.1.1.202309131626/tools/bin/../lib/gcc/arm-none-eabi/11.3.1/thumb/v7-m/nofp/libgcc.a

.comment        0x0000000000000000       0x43
 .comment       0x0000000000000000       0x43 /Applications/STM32CubeIDE.app/Contents/Eclipse/plugins/com.st.stm32cube.ide.mcu.externaltools.gnu-tools-for-stm32.11.3.rel1.macos64_1.1.1.202309131626/tools/bin/../lib/gcc/arm-none-eabi/11.3.1/thumb/v7-m/nofp/crtbegin.o
                                         0x44 (size before relaxing)
 .comment       0x0000000000000043       0x44 ./App/Src/app_mainloop.o
 .comment       0x0000000000000043       0x44 ./App/Src/app_timebase.o
 .comment       0x0000000000000043       0x44 ./App/Src/cmd_dispatcher.o
 .comment       0x0000000000000043       0x44 ./App/Src/cmd_handlers.o
 .comment       0x0000000000000043       0x44 ./App/Src/cmd_runtime.o
 .comment       0x0000000000000043       0x44 ./App/Src/debug_hooks.o
 .comment       0x0000000000000043       0x44 ./App/Src/diag.o
 .comment       0x0000000000000043       0x44 ./App/Src/protocol_crc16.o
 .comment       0x0000000000000043       0x44 ./App/Src/protocol_frame.o
 .comment       0x0000000000000043       0x44 ./App/Src/switch_debounce.o
 .comment       0x0000000000000043       0x44 ./App/Src/switch_scan.o
 .comment       0x0000000000000043       0x44 ./Core/Src/main.o
 .comment       0x0000000000000043       0x44 ./Core/Src/stm32f1xx_hal_msp.o
 .comment       0x0000000000000043       0x44 ./Core/Src/stm32f1xx_it.o
 .comment       0x0000000000000043       0x44 ./Core/Src/system_stm32f1xx.o
 .comment       0x0000000000000043       0x44 ./Drivers/STM32F1xx_HAL_Driver/Src/stm32f1xx_hal.o
 .comment       0x0000000000000043       0x44 ./Drivers/STM32F1xx_HAL_Driver/Src/stm32f1xx_hal_cortex.o
 .comment       0x0000000000000043       0x44 ./Drivers/STM32F1xx_HAL_Driver/Src/stm32f1xx_hal_dma.o
 .comment       0x0000000000000043       0x44 ./Drivers/STM32F1xx_HAL_Driver/Src/stm32f1xx_hal_gpio.o
 .comment       0x0000000000000043       0x44 ./Drivers/STM32F1xx_HAL_Driver/Src/stm32f1xx_hal_rcc.o
 .comment       0x0000000000000043       0x44 ./Drivers/STM32F1xx_HAL_Driver/Src/stm32f1xx_hal_tim.o
 .comment       0x0000000000000043       0x44 ./Drivers/STM32F1xx_HAL_Driver/Src/stm32f1xx_hal_tim_ex.o
 .comment       0x0000000000000043       0x44 ./Drivers/STM32F1xx_HAL_Driver/Src/stm32f1xx_hal_uart.o
 .comment       0x0000000000000043       0x44 ./Hw/Src/hw_gpio_if.o
 .comment       0x0000000000000043       0x44 ./Hw/Src/hw_uart_if.o

.debug_info     0x0000000000000000     0xe92b
 .debug_info    0x0000000000000000      0x835 ./App/Src/app_mainloop.o
 .debug_info    0x0000000000000835       0xd5 ./App/Src/app_timebase.o
 .debug_info    0x000000000000090a      0x411 ./App/Src/cmd_dispatcher.o
 .debug_info    0x0000000000000d1b      0x3c3 ./App/Src/cmd_handlers.o
 .debug_info    0x00000000000010de      0x2f1 ./App/Src/cmd_runtime.o
 .debug_info    0x00000000000013cf      0x138 ./App/Src/debug_hooks.o
 .debug_info    0x0000000000001507      0x310 ./App/Src/diag.o
 .debug_info    0x0000000000001817      0x120 ./App/Src/protocol_crc16.o
 .debug_info    0x0000000000001937      0x654 ./App/Src/protocol_frame.o
 .debug_info    0x0000000000001f8b      0x295 ./App/Src/switch_debounce.o
 .debug_info    0x0000000000002220      0x192 ./App/Src/switch_scan.o
 .debug_info    0x00000000000023b2     0x1247 ./Core/Src/main.o
 .debug_info    0x00000000000035f9      0xd73 ./Core/Src/stm32f1xx_hal_msp.o
 .debug_info    0x000000000000436c      0x616 ./Core/Src/stm32f1xx_it.o
 .debug_info    0x0000000000004982      0x3d0 ./Core/Src/system_stm32f1xx.o
 .debug_info    0x0000000000004d52       0x23 ./Core/Startup/startup_stm32f103xb.o
 .debug_info    0x0000000000004d75      0x704 ./Drivers/STM32F1xx_HAL_Driver/Src/stm32f1xx_hal.o
 .debug_info    0x0000000000005479      0xa87 ./Drivers/STM32F1xx_HAL_Driver/Src/stm32f1xx_hal_cortex.o
 .debug_info    0x0000000000005f00      0x6d2 ./Drivers/STM32F1xx_HAL_Driver/Src/stm32f1xx_hal_dma.o
 .debug_info    0x00000000000065d2      0x5ab ./Drivers/STM32F1xx_HAL_Driver/Src/stm32f1xx_hal_gpio.o
 .debug_info    0x0000000000006b7d      0x7d5 ./Drivers/STM32F1xx_HAL_Driver/Src/stm32f1xx_hal_rcc.o
 .debug_info    0x0000000000007352     0x2959 ./Drivers/STM32F1xx_HAL_Driver/Src/stm32f1xx_hal_tim.o
 .debug_info    0x0000000000009cab     0x149b ./Drivers/STM32F1xx_HAL_Driver/Src/stm32f1xx_hal_tim_ex.o
 .debug_info    0x000000000000b146     0x2eed ./Drivers/STM32F1xx_HAL_Driver/Src/stm32f1xx_hal_uart.o
 .debug_info    0x000000000000e033      0x227 ./Hw/Src/hw_gpio_if.o
 .debug_info    0x000000000000e25a      0x6d1 ./Hw/Src/hw_uart_if.o

.debug_abbrev   0x0000000000000000     0x2cdc
 .debug_abbrev  0x0000000000000000      0x200 ./App/Src/app_mainloop.o
 .debug_abbrev  0x0000000000000200       0x95 ./App/Src/app_timebase.o
 .debug_abbrev  0x0000000000000295      0x18f ./App/Src/cmd_dispatcher.o
 .debug_abbrev  0x0000000000000424      0x175 ./App/Src/cmd_handlers.o
 .debug_abbrev  0x0000000000000599      0x148 ./App/Src/cmd_runtime.o
 .debug_abbrev  0x00000000000006e1       0xcf ./App/Src/debug_hooks.o
 .debug_abbrev  0x00000000000007b0      0x141 ./App/Src/diag.o
 .debug_abbrev  0x00000000000008f1       0x9c ./App/Src/protocol_crc16.o
 .debug_abbrev  0x000000000000098d      0x242 ./App/Src/protocol_frame.o
 .debug_abbrev  0x0000000000000bcf      0x160 ./App/Src/switch_debounce.o
 .debug_abbrev  0x0000000000000d2f       0xec ./App/Src/switch_scan.o
 .debug_abbrev  0x0000000000000e1b      0x308 ./Core/Src/main.o
 .debug_abbrev  0x0000000000001123      0x21c ./Core/Src/stm32f1xx_hal_msp.o
 .debug_abbrev  0x000000000000133f      0x178 ./Core/Src/stm32f1xx_it.o
 .debug_abbrev  0x00000000000014b7      0x119 ./Core/Src/system_stm32f1xx.o
 .debug_abbrev  0x00000000000015d0       0x12 ./Core/Startup/startup_stm32f103xb.o
 .debug_abbrev  0x00000000000015e2      0x201 ./Drivers/STM32F1xx_HAL_Driver/Src/stm32f1xx_hal.o
 .debug_abbrev  0x00000000000017e3      0x2f8 ./Drivers/STM32F1xx_HAL_Driver/Src/stm32f1xx_hal_cortex.o
 .debug_abbrev  0x0000000000001adb      0x20b ./Drivers/STM32F1xx_HAL_Driver/Src/stm32f1xx_hal_dma.o
 .debug_abbrev  0x0000000000001ce6      0x1ca ./Drivers/STM32F1xx_HAL_Driver/Src/stm32f1xx_hal_gpio.o
 .debug_abbrev  0x0000000000001eb0      0x2b3 ./Drivers/STM32F1xx_HAL_Driver/Src/stm32f1xx_hal_rcc.o
 .debug_abbrev  0x0000000000002163      0x277 ./Drivers/STM32F1xx_HAL_Driver/Src/stm32f1xx_hal_tim.o
 .debug_abbrev  0x00000000000023da      0x282 ./Drivers/STM32F1xx_HAL_Driver/Src/stm32f1xx_hal_tim_ex.o
 .debug_abbrev  0x000000000000265c      0x2f8 ./Drivers/STM32F1xx_HAL_Driver/Src/stm32f1xx_hal_uart.o
 .debug_abbrev  0x0000000000002954      0x16e ./Hw/Src/hw_gpio_if.o
 .debug_abbrev  0x0000000000002ac2      0x21a ./Hw/Src/hw_uart_if.o

.debug_aranges  0x0000000000000000      0xf58
 .debug_aranges
                0x0000000000000000       0x50 ./App/Src/app_mainloop.o
 .debug_aranges
                0x0000000000000050       0x28 ./App/Src/app_timebase.o
 .debug_aranges
                0x0000000000000078       0x30 ./App/Src/cmd_dispatcher.o
 .debug_aranges
                0x00000000000000a8       0x58 ./App/Src/cmd_handlers.o
 .debug_aranges
                0x0000000000000100       0x48 ./App/Src/cmd_runtime.o
 .debug_aranges
                0x0000000000000148       0x38 ./App/Src/debug_hooks.o
 .debug_aranges
                0x0000000000000180       0x88 ./App/Src/diag.o
 .debug_aranges
                0x0000000000000208       0x20 ./App/Src/protocol_crc16.o
 .debug_aranges
                0x0000000000000228       0x60 ./App/Src/protocol_frame.o
 .debug_aranges
                0x0000000000000288       0x40 ./App/Src/switch_debounce.o
 .debug_aranges
                0x00000000000002c8       0x30 ./App/Src/switch_scan.o
 .debug_aranges
                0x00000000000002f8       0x60 ./Core/Src/main.o
 .debug_aranges
                0x0000000000000358       0x48 ./Core/Src/stm32f1xx_hal_msp.o
 .debug_aranges
                0x00000000000003a0       0x70 ./Core/Src/stm32f1xx_it.o
 .debug_aranges
                0x0000000000000410       0x28 ./Core/Src/system_stm32f1xx.o
 .debug_aranges
                0x0000000000000438       0x28 ./Core/Startup/startup_stm32f103xb.o
 .debug_aranges
                0x0000000000000460       0xe0 ./Drivers/STM32F1xx_HAL_Driver/Src/stm32f1xx_hal.o
 .debug_aranges
                0x0000000000000540      0x100 ./Drivers/STM32F1xx_HAL_Driver/Src/stm32f1xx_hal_cortex.o
 .debug_aranges
                0x0000000000000640       0x80 ./Drivers/STM32F1xx_HAL_Driver/Src/stm32f1xx_hal_dma.o
 .debug_aranges
                0x00000000000006c0       0x58 ./Drivers/STM32F1xx_HAL_Driver/Src/stm32f1xx_hal_gpio.o
 .debug_aranges
                0x0000000000000718       0x90 ./Drivers/STM32F1xx_HAL_Driver/Src/stm32f1xx_hal_rcc.o
 .debug_aranges
                0x00000000000007a8      0x3d0 ./Drivers/STM32F1xx_HAL_Driver/Src/stm32f1xx_hal_tim.o
 .debug_aranges
                0x0000000000000b78      0x168 ./Drivers/STM32F1xx_HAL_Driver/Src/stm32f1xx_hal_tim_ex.o
 .debug_aranges
                0x0000000000000ce0      0x208 ./Drivers/STM32F1xx_HAL_Driver/Src/stm32f1xx_hal_uart.o
 .debug_aranges
                0x0000000000000ee8       0x28 ./Hw/Src/hw_gpio_if.o
 .debug_aranges
                0x0000000000000f10       0x48 ./Hw/Src/hw_uart_if.o

.debug_rnglists
                0x0000000000000000      0xbbd
 .debug_rnglists
                0x0000000000000000       0x3a ./App/Src/app_mainloop.o
 .debug_rnglists
                0x000000000000003a       0x19 ./App/Src/app_timebase.o
 .debug_rnglists
                0x0000000000000053       0x21 ./App/Src/cmd_dispatcher.o
 .debug_rnglists
                0x0000000000000074       0x3e ./App/Src/cmd_handlers.o
 .debug_rnglists
                0x00000000000000b2       0x31 ./App/Src/cmd_runtime.o
 .debug_rnglists
                0x00000000000000e3       0x25 ./App/Src/debug_hooks.o
 .debug_rnglists
                0x0000000000000108       0x61 ./App/Src/diag.o
 .debug_rnglists
                0x0000000000000169       0x14 ./App/Src/protocol_crc16.o
 .debug_rnglists
                0x000000000000017d       0x46 ./App/Src/protocol_frame.o
 .debug_rnglists
                0x00000000000001c3       0x2c ./App/Src/switch_debounce.o
 .debug_rnglists
                0x00000000000001ef       0x1f ./App/Src/switch_scan.o
 .debug_rnglists
                0x000000000000020e       0x48 ./Core/Src/main.o
 .debug_rnglists
                0x0000000000000256       0x33 ./Core/Src/stm32f1xx_hal_msp.o
 .debug_rnglists
                0x0000000000000289       0x4f ./Core/Src/stm32f1xx_it.o
 .debug_rnglists
                0x00000000000002d8       0x1a ./Core/Src/system_stm32f1xx.o
 .debug_rnglists
                0x00000000000002f2       0x19 ./Core/Startup/startup_stm32f103xb.o
 .debug_rnglists
                0x000000000000030b       0xa3 ./Drivers/STM32F1xx_HAL_Driver/Src/stm32f1xx_hal.o
 .debug_rnglists
                0x00000000000003ae       0xbb ./Drivers/STM32F1xx_HAL_Driver/Src/stm32f1xx_hal_cortex.o
 .debug_rnglists
                0x0000000000000469       0x64 ./Drivers/STM32F1xx_HAL_Driver/Src/stm32f1xx_hal_dma.o
 .debug_rnglists
                0x00000000000004cd       0x3f ./Drivers/STM32F1xx_HAL_Driver/Src/stm32f1xx_hal_gpio.o
 .debug_rnglists
                0x000000000000050c       0x6c ./Drivers/STM32F1xx_HAL_Driver/Src/stm32f1xx_hal_rcc.o
 .debug_rnglists
                0x0000000000000578      0x31a ./Drivers/STM32F1xx_HAL_Driver/Src/stm32f1xx_hal_tim.o
 .debug_rnglists
                0x0000000000000892      0x125 ./Drivers/STM32F1xx_HAL_Driver/Src/stm32f1xx_hal_tim_ex.o
 .debug_rnglists
                0x00000000000009b7      0x1bc ./Drivers/STM32F1xx_HAL_Driver/Src/stm32f1xx_hal_uart.o
 .debug_rnglists
                0x0000000000000b73       0x19 ./Hw/Src/hw_gpio_if.o
 .debug_rnglists
                0x0000000000000b8c       0x31 ./Hw/Src/hw_uart_if.o

.debug_macro    0x0000000000000000    0x18a3b
 .debug_macro   0x0000000000000000      0x1fe ./App/Src/app_mainloop.o
 .debug_macro   0x00000000000001fe      0xa9c ./App/Src/app_mainloop.o
 .debug_macro   0x0000000000000c9a       0x22 ./App/Src/app_mainloop.o
 .debug_macro   0x0000000000000cbc       0x8e ./App/Src/app_mainloop.o
 .debug_macro   0x0000000000000d4a       0x51 ./App/Src/app_mainloop.o
 .debug_macro   0x0000000000000d9b      0x103 ./App/Src/app_mainloop.o
 .debug_macro   0x0000000000000e9e       0x6a ./App/Src/app_mainloop.o
 .debug_macro   0x0000000000000f08      0x1df ./App/Src/app_mainloop.o
 .debug_macro   0x00000000000010e7       0x22 ./App/Src/app_mainloop.o
 .debug_macro   0x0000000000001109       0x61 ./App/Src/app_mainloop.o
 .debug_macro   0x000000000000116a       0x24 ./App/Src/app_mainloop.o
 .debug_macro   0x000000000000118e       0x43 ./App/Src/app_mainloop.o
 .debug_macro   0x00000000000011d1       0x34 ./App/Src/app_mainloop.o
 .debug_macro   0x0000000000001205      0x174 ./App/Src/app_mainloop.o
 .debug_macro   0x0000000000001379       0x16 ./App/Src/app_mainloop.o
 .debug_macro   0x000000000000138f       0x43 ./App/Src/app_mainloop.o
 .debug_macro   0x00000000000013d2       0x34 ./App/Src/app_mainloop.o
 .debug_macro   0x0000000000001406       0x10 ./App/Src/app_mainloop.o
 .debug_macro   0x0000000000001416       0x58 ./App/Src/app_mainloop.o
 .debug_macro   0x000000000000146e       0x8e ./App/Src/app_mainloop.o
 .debug_macro   0x00000000000014fc       0x1c ./App/Src/app_mainloop.o
 .debug_macro   0x0000000000001518      0x177 ./App/Src/app_mainloop.o
 .debug_macro   0x000000000000168f      0x369 ./App/Src/app_mainloop.o
 .debug_macro   0x00000000000019f8       0x10 ./App/Src/app_mainloop.o
 .debug_macro   0x0000000000001a08       0x35 ./App/Src/app_mainloop.o
 .debug_macro   0x0000000000001a3d       0x20 ./App/Src/app_mainloop.o
 .debug_macro   0x0000000000001a5d       0x1c ./App/Src/app_mainloop.o
 .debug_macro   0x0000000000001a79       0x10 ./App/Src/app_mainloop.o
 .debug_macro   0x0000000000001a89       0x1c ./App/Src/app_mainloop.o
 .debug_macro   0x0000000000001aa5       0x16 ./App/Src/app_mainloop.o
 .debug_macro   0x0000000000001abb      0x147 ./App/Src/app_mainloop.o
 .debug_macro   0x0000000000001c02       0x16 ./App/Src/app_mainloop.o
 .debug_macro   0x0000000000001c18       0x10 ./App/Src/app_mainloop.o
 .debug_macro   0x0000000000001c28       0x16 ./App/Src/app_mainloop.o
 .debug_macro   0x0000000000001c3e       0x10 ./App/Src/app_mainloop.o
 .debug_macro   0x0000000000001c4e       0x70 ./App/Src/app_mainloop.o
 .debug_macro   0x0000000000001cbe      0x1ad ./App/Src/app_timebase.o
 .debug_macro   0x0000000000001e6b      0x221 ./App/Src/app_timebase.o
 .debug_macro   0x000000000000208c       0x2e ./App/Src/app_timebase.o
 .debug_macro   0x00000000000020ba       0x22 ./App/Src/app_timebase.o
 .debug_macro   0x00000000000020dc       0x1c ./App/Src/app_timebase.o
 .debug_macro   0x00000000000020f8       0x22 ./App/Src/app_timebase.o
 .debug_macro   0x000000000000211a       0xbd ./App/Src/app_timebase.o
 .debug_macro   0x00000000000021d7      0xd23 ./App/Src/app_timebase.o
 .debug_macro   0x0000000000002efa     0xe09e ./App/Src/app_timebase.o
 .debug_macro   0x0000000000010f98       0x6d ./App/Src/app_timebase.o
 .debug_macro   0x0000000000011005     0x34a2 ./App/Src/app_timebase.o
 .debug_macro   0x00000000000144a7       0x5c ./App/Src/app_timebase.o
 .debug_macro   0x0000000000014503      0x5bc ./App/Src/app_timebase.o
 .debug_macro   0x0000000000014abf      0x289 ./App/Src/app_timebase.o
 .debug_macro   0x0000000000014d48      0x1cb ./App/Src/app_timebase.o
 .debug_macro   0x0000000000014f13      0x114 ./App/Src/app_timebase.o
 .debug_macro   0x0000000000015027      0x1b2 ./App/Src/app_timebase.o
 .debug_macro   0x00000000000151d9       0x27 ./App/Src/app_timebase.o
 .debug_macro   0x0000000000015200      0x136 ./App/Src/app_timebase.o
 .debug_macro   0x0000000000015336      0x1bc ./App/Src/app_timebase.o
 .debug_macro   0x00000000000154f2       0x34 ./App/Src/app_timebase.o
 .debug_macro   0x0000000000015526       0x3c ./App/Src/app_timebase.o
 .debug_macro   0x0000000000015562       0x57 ./App/Src/app_timebase.o
 .debug_macro   0x00000000000155b9       0x87 ./App/Src/app_timebase.o
 .debug_macro   0x0000000000015640      0x240 ./App/Src/app_timebase.o
 .debug_macro   0x0000000000015880      0x140 ./App/Src/app_timebase.o
 .debug_macro   0x00000000000159c0      0x8ed ./App/Src/app_timebase.o
 .debug_macro   0x00000000000162ad      0x28e ./App/Src/app_timebase.o
 .debug_macro   0x000000000001653b       0x83 ./App/Src/app_timebase.o
 .debug_macro   0x00000000000165be      0x188 ./App/Src/cmd_dispatcher.o
 .debug_macro   0x0000000000016746      0x196 ./App/Src/cmd_handlers.o
 .debug_macro   0x00000000000168dc       0x10 ./App/Src/cmd_handlers.o
 .debug_macro   0x00000000000168ec      0x149 ./App/Src/cmd_runtime.o
 .debug_macro   0x0000000000016a35       0x7c ./App/Src/debug_hooks.o
 .debug_macro   0x0000000000016ab1      0x149 ./App/Src/diag.o
 .debug_macro   0x0000000000016bfa       0x76 ./App/Src/protocol_crc16.o
 .debug_macro   0x0000000000016c70      0x198 ./App/Src/protocol_frame.o
 .debug_macro   0x0000000000016e08      0x16d ./App/Src/switch_debounce.o
 .debug_macro   0x0000000000016f75       0x93 ./App/Src/switch_scan.o
 .debug_macro   0x0000000000017008       0x10 ./App/Src/switch_scan.o
 .debug_macro   0x0000000000017018      0x1cf ./Core/Src/main.o
 .debug_macro   0x00000000000171e7      0x124 ./Core/Src/main.o
 .debug_macro   0x000000000001730b      0x1b2 ./Core/Src/stm32f1xx_hal_msp.o
 .debug_macro   0x00000000000174bd      0x1bc ./Core/Src/stm32f1xx_it.o
 .debug_macro   0x0000000000017679      0x1a3 ./Core/Src/system_stm32f1xx.o
 .debug_macro   0x000000000001781c      0x1c7 ./Drivers/STM32F1xx_HAL_Driver/Src/stm32f1xx_hal.o
 .debug_macro   0x00000000000179e3      0x1a3 ./Drivers/STM32F1xx_HAL_Driver/Src/stm32f1xx_hal_cortex.o
 .debug_macro   0x0000000000017b86      0x1a3 ./Drivers/STM32F1xx_HAL_Driver/Src/stm32f1xx_hal_dma.o
 .debug_macro   0x0000000000017d29      0x20e ./Drivers/STM32F1xx_HAL_Driver/Src/stm32f1xx_hal_gpio.o
 .debug_macro   0x0000000000017f37      0x1b5 ./Drivers/STM32F1xx_HAL_Driver/Src/stm32f1xx_hal_rcc.o
 .debug_macro   0x00000000000180ec      0x1a4 ./Drivers/STM32F1xx_HAL_Driver/Src/stm32f1xx_hal_tim.o
 .debug_macro   0x0000000000018290      0x1a3 ./Drivers/STM32F1xx_HAL_Driver/Src/stm32f1xx_hal_tim_ex.o
 .debug_macro   0x0000000000018433      0x1a4 ./Drivers/STM32F1xx_HAL_Driver/Src/stm32f1xx_hal_uart.o
 .debug_macro   0x00000000000185d7      0x1cb ./Hw/Src/hw_gpio_if.o
 .debug_macro   0x00000000000187a2      0x299 ./Hw/Src/hw_uart_if.o

.debug_line     0x0000000000000000    0x1217a
 .debug_line    0x0000000000000000      0x7b5 ./App/Src/app_mainloop.o
 .debug_line    0x00000000000007b5      0x6ad ./App/Src/app_timebase.o
 .debug_line    0x0000000000000e62      0x65f ./App/Src/cmd_dispatcher.o
 .debug_line    0x00000000000014c1      0x6be ./App/Src/cmd_handlers.o
 .debug_line    0x0000000000001b7f      0x5d4 ./App/Src/cmd_runtime.o
 .debug_line    0x0000000000002153      0x434 ./App/Src/debug_hooks.o
 .debug_line    0x0000000000002587      0x697 ./App/Src/diag.o
 .debug_line    0x0000000000002c1e      0x417 ./App/Src/protocol_crc16.o
 .debug_line    0x0000000000003035      0x8fb ./App/Src/protocol_frame.o
 .debug_line    0x0000000000003930      0x692 ./App/Src/switch_debounce.o
 .debug_line    0x0000000000003fc2      0x48b ./App/Src/switch_scan.o
 .debug_line    0x000000000000444d      0x923 ./Core/Src/main.o
 .debug_line    0x0000000000004d70      0x78c ./Core/Src/stm32f1xx_hal_msp.o
 .debug_line    0x00000000000054fc      0x77c ./Core/Src/stm32f1xx_it.o
 .debug_line    0x0000000000005c78      0x6fe ./Core/Src/system_stm32f1xx.o
 .debug_line    0x0000000000006376       0x7a ./Core/Startup/startup_stm32f103xb.o
 .debug_line    0x00000000000063f0      0x93d ./Drivers/STM32F1xx_HAL_Driver/Src/stm32f1xx_hal.o
 .debug_line    0x0000000000006d2d      0xb25 ./Drivers/STM32F1xx_HAL_Driver/Src/stm32f1xx_hal_cortex.o
 .debug_line    0x0000000000007852      0xd96 ./Drivers/STM32F1xx_HAL_Driver/Src/stm32f1xx_hal_dma.o
 .debug_line    0x00000000000085e8      0x9d6 ./Drivers/STM32F1xx_HAL_Driver/Src/stm32f1xx_hal_gpio.o
 .debug_line    0x0000000000008fbe      0xd46 ./Drivers/STM32F1xx_HAL_Driver/Src/stm32f1xx_hal_rcc.o
 .debug_line    0x0000000000009d04     0x3444 ./Drivers/STM32F1xx_HAL_Driver/Src/stm32f1xx_hal_tim.o
 .debug_line    0x000000000000d148     0x188c ./Drivers/STM32F1xx_HAL_Driver/Src/stm32f1xx_hal_tim_ex.o
 .debug_line    0x000000000000e9d4     0x2801 ./Drivers/STM32F1xx_HAL_Driver/Src/stm32f1xx_hal_uart.o
 .debug_line    0x00000000000111d5      0x6e2 ./Hw/Src/hw_gpio_if.o
 .debug_line    0x00000000000118b7      0x8c3 ./Hw/Src/hw_uart_if.o

.debug_str      0x0000000000000000    0x8b988
 .debug_str     0x0000000000000000     0x8144 ./App/Src/app_mainloop.o
                                       0x83a2 (size before relaxing)
 .debug_str     0x0000000000008144    0x7f4f2 ./App/Src/app_timebase.o
                                      0x83646 (size before relaxing)
 .debug_str     0x0000000000087636      0x1ef ./App/Src/cmd_dispatcher.o
                                       0x77d2 (size before relaxing)
 .debug_str     0x0000000000087825      0x174 ./App/Src/cmd_handlers.o
                                       0x777a (size before relaxing)
 .debug_str     0x0000000000087999       0xdf ./App/Src/cmd_runtime.o
                                       0x736f (size before relaxing)
 .debug_str     0x0000000000087a78       0x97 ./App/Src/debug_hooks.o
                                       0x3dda (size before relaxing)
 .debug_str     0x0000000000087b0f      0x146 ./App/Src/diag.o
                                       0x741c (size before relaxing)
 .debug_str     0x0000000000087c55       0x49 ./App/Src/protocol_crc16.o
                                       0x4020 (size before relaxing)
 .debug_str     0x0000000000087c9e      0x14c ./App/Src/protocol_frame.o
                                       0x79ec (size before relaxing)
 .debug_str     0x0000000000087dea       0xc8 ./App/Src/switch_debounce.o
                                       0x73d5 (size before relaxing)
 .debug_str     0x0000000000087eb2       0xf9 ./App/Src/switch_scan.o
                                       0x3ee3 (size before relaxing)
 .debug_str     0x0000000000087fab     0x11af ./Core/Src/main.o
                                      0x849c7 (size before relaxing)
 .debug_str     0x000000000008915a       0xce ./Core/Src/stm32f1xx_hal_msp.o
                                      0x845a1 (size before relaxing)
 .debug_str     0x0000000000089228      0x11b ./Core/Src/stm32f1xx_it.o
                                      0x83f20 (size before relaxing)
 .debug_str     0x0000000000089343       0xdc ./Core/Src/system_stm32f1xx.o
                                      0x8370a (size before relaxing)
 .debug_str     0x000000000008941f       0x32 ./Core/Startup/startup_stm32f103xb.o
                                         0x78 (size before relaxing)
 .debug_str     0x0000000000089451      0x378 ./Drivers/STM32F1xx_HAL_Driver/Src/stm32f1xx_hal.o
                                      0x83de5 (size before relaxing)
 .debug_str     0x00000000000897c9      0x240 ./Drivers/STM32F1xx_HAL_Driver/Src/stm32f1xx_hal_cortex.o
                                      0x83d31 (size before relaxing)
 .debug_str     0x0000000000089a09      0x206 ./Drivers/STM32F1xx_HAL_Driver/Src/stm32f1xx_hal_dma.o
                                      0x83a5b (size before relaxing)
 .debug_str     0x0000000000089c0f      0x2f2 ./Drivers/STM32F1xx_HAL_Driver/Src/stm32f1xx_hal_gpio.o
                                      0x83a38 (size before relaxing)
 .debug_str     0x0000000000089f01      0x229 ./Drivers/STM32F1xx_HAL_Driver/Src/stm32f1xx_hal_rcc.o
                                      0x83ae1 (size before relaxing)
 .debug_str     0x000000000008a12a      0xdf5 ./Drivers/STM32F1xx_HAL_Driver/Src/stm32f1xx_hal_tim.o
                                      0x84ae3 (size before relaxing)
 .debug_str     0x000000000008af1f      0x3e1 ./Drivers/STM32F1xx_HAL_Driver/Src/stm32f1xx_hal_tim_ex.o
                                      0x842ef (size before relaxing)
 .debug_str     0x000000000008b300      0x5ea ./Drivers/STM32F1xx_HAL_Driver/Src/stm32f1xx_hal_uart.o
                                      0x84152 (size before relaxing)
 .debug_str     0x000000000008b8ea       0x45 ./Hw/Src/hw_gpio_if.o
                                      0x83b5f (size before relaxing)
 .debug_str     0x000000000008b92f       0x59 ./Hw/Src/hw_uart_if.o
                                      0x870c6 (size before relaxing)

.debug_frame    0x0000000000000000     0x3c94
 .debug_frame   0x0000000000000000      0x104 ./App/Src/app_mainloop.o
 .debug_frame   0x0000000000000104       0x54 ./App/Src/app_timebase.o
 .debug_frame   0x0000000000000158       0x78 ./App/Src/cmd_dispatcher.o
 .debug_frame   0x00000000000001d0      0x130 ./App/Src/cmd_handlers.o
 .debug_frame   0x0000000000000300       0xdc ./App/Src/cmd_runtime.o
 .debug_frame   0x00000000000003dc       0x94 ./App/Src/debug_hooks.o
 .debug_frame   0x0000000000000470      0x1e4 ./App/Src/diag.o
 .debug_frame   0x0000000000000654       0x38 ./App/Src/protocol_crc16.o
 .debug_frame   0x000000000000068c      0x168 ./App/Src/protocol_frame.o
 .debug_frame   0x00000000000007f4       0xbc ./App/Src/switch_debounce.o
 .debug_frame   0x00000000000008b0       0x74 ./App/Src/switch_scan.o
 .debug_frame   0x0000000000000924      0x148 ./Core/Src/main.o
 .debug_frame   0x0000000000000a6c       0xec ./Core/Src/stm32f1xx_hal_msp.o
 .debug_frame   0x0000000000000b58      0x144 ./Core/Src/stm32f1xx_it.o
 .debug_frame   0x0000000000000c9c       0x58 ./Core/Src/system_stm32f1xx.o
 .debug_frame   0x0000000000000cf4      0x334 ./Drivers/STM32F1xx_HAL_Driver/Src/stm32f1xx_hal.o
 .debug_frame   0x0000000000001028      0x428 ./Drivers/STM32F1xx_HAL_Driver/Src/stm32f1xx_hal_cortex.o
 .debug_frame   0x0000000000001450      0x208 ./Drivers/STM32F1xx_HAL_Driver/Src/stm32f1xx_hal_dma.o
 .debug_frame   0x0000000000001658      0x14c ./Drivers/STM32F1xx_HAL_Driver/Src/stm32f1xx_hal_gpio.o
 .debug_frame   0x00000000000017a4      0x218 ./Drivers/STM32F1xx_HAL_Driver/Src/stm32f1xx_hal_rcc.o
 .debug_frame   0x00000000000019bc     0x11b8 ./Drivers/STM32F1xx_HAL_Driver/Src/stm32f1xx_hal_tim.o
 .debug_frame   0x0000000000002b74      0x638 ./Drivers/STM32F1xx_HAL_Driver/Src/stm32f1xx_hal_tim_ex.o
 .debug_frame   0x00000000000031ac      0x944 ./Drivers/STM32F1xx_HAL_Driver/Src/stm32f1xx_hal_uart.o
 .debug_frame   0x0000000000003af0       0x54 ./Hw/Src/hw_gpio_if.o
 .debug_frame   0x0000000000003b44       0xdc ./Hw/Src/hw_uart_if.o
 .debug_frame   0x0000000000003c20       0x20 /Applications/STM32CubeIDE.app/Contents/Eclipse/plugins/com.st.stm32cube.ide.mcu.externaltools.gnu-tools-for-stm32.11.3.rel1.macos64_1.1.1.202309131626/tools/bin/../lib/gcc/arm-none-eabi/11.3.1/../../../../arm-none-eabi/lib/thumb/v7-m/nofp/libc_nano.a(libc_a-memset.o)
 .debug_frame   0x0000000000003c40       0x2c /Applications/STM32CubeIDE.app/Contents/Eclipse/plugins/com.st.stm32cube.ide.mcu.externaltools.gnu-tools-for-stm32.11.3.rel1.macos64_1.1.1.202309131626/tools/bin/../lib/gcc/arm-none-eabi/11.3.1/../../../../arm-none-eabi/lib/thumb/v7-m/nofp/libc_nano.a(libc_a-init.o)
 .debug_frame   0x0000000000003c6c       0x28 /Applications/STM32CubeIDE.app/Contents/Eclipse/plugins/com.st.stm32cube.ide.mcu.externaltools.gnu-tools-for-stm32.11.3.rel1.macos64_1.1.1.202309131626/tools/bin/../lib/gcc/arm-none-eabi/11.3.1/../../../../arm-none-eabi/lib/thumb/v7-m/nofp/libc_nano.a(libc_a-memcpy-stub.o)

.debug_line_str
                0x0000000000000000       0x6c
 .debug_line_str
                0x0000000000000000       0x6c ./Core/Startup/startup_stm32f103xb.o
                                         0x82 (size before relaxing)
